SMP100	SMP10	SMP11	SMP12	SMP13	SMP14	SMP15	SMP16	SMP17	SMP18	SMP19	SMP1	SMP20	SMP21	SMP22	SMP23	SMP24	SMP25	SMP26	SMP27	SMP28	SMP29	SMP2	SMP30	SMP31	SMP32	SMP33	SMP34	SMP35	SMP36	SMP37	SMP38	SMP39	SMP3	SMP40	SMP41	SMP42	SMP43	SMP44	SMP45	SMP46	SMP47	SMP48	SMP49	SMP4	SMP50	SMP51	SMP52	SMP53	SMP54	SMP55	SMP56	SMP57	SMP58	SMP59	SMP5	SMP60	SMP61	SMP62	SMP63	SMP64	SMP65	SMP66	SMP67	SMP68	SMP69	SMP6	SMP70	SMP71	SMP72	SMP73	SMP74	SMP75	SMP76	SMP77	SMP78	SMP79	SMP7	SMP80	SMP81	SMP82	SMP83	SMP84	SMP85	SMP86	SMP87	SMP88	SMP89	SMP8	SMP90	SMP91	SMP92	SMP93	SMP94	SMP95	SMP96	SMP97	SMP98	SMP99	SMP9
100	10	11	12	13	14	15	16	17	18	19	1	20	21	22	23	24	25	26	27	28	29	2	30	31	32	33	34	35	36	37	38	39	3	40	41	42	43	44	45	46	47	48	49	4	50	51	52	53	54	55	56	57	58	59	5	60	61	62	63	64	65	66	67	68	69	6	70	71	72	73	74	75	76	77	78	79	7	80	81	82	83	84	85	86	87	88	89	8	90	91	92	93	94	95	96	97	98	99	9
100	10	11	12	13	14	15	16	17	18	19	1	20	21	22	23	24	25	26	27	28	29	2	30	31	32	33	34	35	36	37	38	39	3	40	41	42	43	44	45	46	47	48	49	4	50	51	52	53	54	55	56	57	58	59	5	60	61	62	63	64	65	66	67	68	69	6	70	71	72	73	74	75	76	77	78	79	7	80	81	82	83	84	85	86	87	88	89	8	90	91	92	93	94	95	96	97	98	99	9
